[SYSTEM] Mini-Computer OS Started successfully.
Compiling test3.txt...
Pass 1: scanning labels and instruction positions...
  Label found: .loop -> instruction 8
  Label found: .exit -> instruction 28
Labels found (2):
  .loop -> instruction 8
  .exit -> instruction 28
Pass 2: generating bytecode...
Compiling instruction 0: x1 = 0

  -> 0F 01 00 00
Compiling instruction 1: x2 = [x1]        
  -> 05 02 01 00
Compiling instruction 2: x3 = 4          
  -> 0F 03 04 00
Compiling instruction 3: x4 = 32         
  -> 0F 04 20 00
Compiling instruction 4: x5 = 0          
  -> 0F 05 00 00
Compiling instruction 5: x6 = x2 - 2     
  -> 0A 06 02 02
Compiling instruction 6: Print x2        
Compiling instruction 7: Print x6        
Compiling instruction 8: x7 = x6 - x5

  -> 02 07 06 05
Compiling instruction 9: BEQ .exit

  -> 10 00 00 13
Compiling instruction 10: x8 = [x3]       
  -> 05 08 03 00
Compiling instruction 11: x9 = x3 + 4

  -> 09 09 03 04
Compiling instruction 12: x9 = [x9]       
  -> 05 09 09 00
Compiling instruction 13: x10 = x3 + 8

  -> 09 0A 03 08
Compiling instruction 14: x10 = [x10]     
  -> 05 0A 0A 00
Compiling instruction 15: x11 = x8 * 1     
  -> 0B 0B 08 01
Compiling instruction 16: x12 = x9 * 2     
  -> 0B 0C 09 02
Compiling instruction 17: x13 = x10 * 1    
  -> 0B 0D 0A 01
Compiling instruction 18: x14 = x11 + x12

  -> 01 0E 0B 0C
Compiling instruction 19: x14 = x14 + x13  
  -> 01 0E 0E 0D
Compiling instruction 20: [x4] = x14      
  -> 06 04 0E 00
Compiling instruction 21: Print x5        
Compiling instruction 22: Print x14       
Compiling instruction 23: Print x4        
Compiling instruction 24: x3 = x3 + 4     
  -> 09 03 03 04
Compiling instruction 25: x4 = x4 + 4     
  -> 09 04 04 04
Compiling instruction 26: x5 = x5 + 1

  -> 09 05 05 01
Compiling instruction 27: BAL .loop

  -> 1E 00 00 ED
Compiling instruction 28: Print x5        
  -> 00 00 00 00 (HALT)
Compilation complete. Wrote program.byte
Compilation completed successfully <<<<<< test3
Compiling test3.txt...
Pass 1: scanning labels and instruction positions...
  Label found: .loop -> instruction 8
  Label found: .exit -> instruction 28
Labels found (2):
  .loop -> instruction 8
  .exit -> instruction 28
Pass 2: generating bytecode...
Compiling instruction 0: x1 = 0

  -> 0F 01 00 00
Compiling instruction 1: x2 = [x1]        
  -> 05 02 01 00
Compiling instruction 2: x3 = 4          
  -> 0F 03 04 00
Compiling instruction 3: x4 = 32         
  -> 0F 04 20 00
Compiling instruction 4: x5 = 0          
  -> 0F 05 00 00
Compiling instruction 5: x6 = x2 - 2     
  -> 0A 06 02 02
Compiling instruction 6: Print x2        
Compiling instruction 7: Print x6        
Compiling instruction 8: x7 = x6 - x5

  -> 02 07 06 05
Compiling instruction 9: BEQ .exit

  -> 10 00 00 13
Compiling instruction 10: x8 = [x3]       
  -> 05 08 03 00
Compiling instruction 11: x9 = x3 + 4

  -> 09 09 03 04
Compiling instruction 12: x9 = [x9]       
  -> 05 09 09 00
Compiling instruction 13: x10 = x3 + 8

  -> 09 0A 03 08
Compiling instruction 14: x10 = [x10]     
  -> 05 0A 0A 00
Compiling instruction 15: x11 = x8 * 1     
  -> 0B 0B 08 01
Compiling instruction 16: x12 = x9 * 2     
  -> 0B 0C 09 02
Compiling instruction 17: x13 = x10 * 1    
  -> 0B 0D 0A 01
Compiling instruction 18: x14 = x11 + x12

  -> 01 0E 0B 0C
Compiling instruction 19: x14 = x14 + x13  
  -> 01 0E 0E 0D
Compiling instruction 20: [x4] = x14      
  -> 06 04 0E 00
Compiling instruction 21: Print x5        
Compiling instruction 22: Print x14       
Compiling instruction 23: Print x4        
Compiling instruction 24: x3 = x3 + 4     
  -> 09 03 03 04
Compiling instruction 25: x4 = x4 + 4     
  -> 09 04 04 04
Compiling instruction 26: x5 = x5 + 1

  -> 09 05 05 01
Compiling instruction 27: BAL .loop

  -> 1E 00 00 ED
Compiling instruction 28: Print x5        
  -> 00 00 00 00 (HALT)
Compilation complete. Wrote program.byte
Compilation completed successfully <<<<<< test3
Compiling test2.txt...
Pass 1: scanning labels and instruction positions...
  Label found: .loop -> instruction 7
  Label found: .skip -> instruction 13
  Label found: .exit -> instruction 16
Labels found (3):
  .loop -> instruction 7
  .skip -> instruction 13
  .exit -> instruction 16
Pass 2: generating bytecode...
Compiling instruction 0: x1 = 0          
  -> 0F 01 00 00
Compiling instruction 1: x2 = [x1]       
  -> 05 02 01 00
Compiling instruction 2: x3 = 4          
  -> 0F 03 04 00
Compiling instruction 3: x4 = 0          
  -> 0F 04 00 00
Compiling instruction 4: x5 = 0          
  -> 0F 05 00 00
Compiling instruction 5: Print x2        
Compiling instruction 6: Print x5        
Compiling instruction 7: x6 = x2 - x4

  -> 02 06 02 04
Compiling instruction 8: BEQ .exit

  -> 10 00 00 08
Compiling instruction 9: x7 = [x3]

  -> 05 07 03 00
Compiling instruction 10: x8 = x7 - 0

  -> 0A 08 07 00
Compiling instruction 11: BLT .skip       
  -> 1B 00 00 02
Compiling instruction 12: x5 = x5 + 1     
  -> 09 05 05 01
Compiling instruction 13: x3 = x3 + 4

  -> 09 03 03 04
Compiling instruction 14: x4 = x4 + 1

  -> 09 04 04 01
Compiling instruction 15: BAL .loop

  -> 1E 00 00 F8
Compiling instruction 16: x1 = 16

  -> 0F 01 10 00
Compiling instruction 17: [x1] = x5

  -> 06 01 05 00
Compiling instruction 18: Print x5        
Compiling instruction 19: Print x1        
  -> 00 00 00 00 (HALT)
Compilation complete. Wrote program.byte
Compilation completed successfully <<<<<< test2
Core 0: Code Executed, writing data FILE data3.byte
Core 1: Code Executed, writing data FILE data3.byte
Core 2: Code Executed, writing data FILE data2.byte
Compiling sum_of_vector.txt...
Pass 1: scanning labels and instruction positions...
  Label found: .addbatchAB -> instruction 7
  Label found: .exit -> instruction 13
Labels found (2):
  .addbatchAB -> instruction 7
  .exit -> instruction 13
Pass 2: generating bytecode...
Compiling instruction 0: x1 = 0

  -> 0F 01 00 00
Compiling instruction 1: x2 = [x1]       
  -> 05 02 01 00
Compiling instruction 2: x3 = x1 + 4     
  -> 09 03 01 04
Compiling instruction 3: x4 = x2 * 4

  -> 0B 04 02 04
Compiling instruction 4: x4 = x4 + 4     
  -> 09 04 04 04
Compiling instruction 5: x255 = x2 * 8

  -> 0B FF 02 08
Compiling instruction 6: x255 = x255 + 4 
  -> 09 FF FF 04
Compiling instruction 7: v1 = [x3]

  -> 24 01 03 00
Compiling instruction 8: v2 = [x4]

  -> 24 02 04 00
Compiling instruction 9: v3 = v1 + v2

  -> 21 03 01 02
Compiling instruction 10: [x255] = v3

  -> 25 FF 03 00
Compiling instruction 11: x2 = x2 - 8

  -> 0A 02 02 08
Compiling instruction 12: BNE .addbatchAB

  -> 11 00 00 FB
  -> 00 00 00 00 (HALT)
Compilation complete. Wrote program.byte
Compilation completed successfully <<<<<< sum_of_vector
Core 0: Code Executed, writing data FILE sov_data.byte
Compiling sum_of_vector.txt...
Pass 1: scanning labels and instruction positions...
  Label found: .addbatchAB -> instruction 7
  Label found: .exit -> instruction 13
Labels found (2):
  .addbatchAB -> instruction 7
  .exit -> instruction 13
Pass 2: generating bytecode...
Compiling instruction 0: x1 = 0

  -> 0F 01 00 00
Compiling instruction 1: x2 = [x1]       
  -> 05 02 01 00
Compiling instruction 2: x3 = x1 + 4     
  -> 09 03 01 04
Compiling instruction 3: x4 = x2 * 4

  -> 0B 04 02 04
Compiling instruction 4: x4 = x4 + 4     
  -> 09 04 04 04
Compiling instruction 5: x255 = x2 * 8

  -> 0B FF 02 08
Compiling instruction 6: x255 = x255 + 4 
  -> 09 FF FF 04
Compiling instruction 7: v1 = [x3]

  -> 24 01 03 00
Compiling instruction 8: v2 = [x4]

  -> 24 02 04 00
Compiling instruction 9: v3 = v1 + v2

  -> 21 03 01 02
Compiling instruction 10: [x255] = v3

  -> 25 FF 03 00
Compiling instruction 11: x2 = x2 - 8

  -> 0A 02 02 08
Compiling instruction 12: BNE .addbatchAB

  -> 11 00 00 FB
  -> 00 00 00 00 (HALT)
Compilation complete. Wrote program.byte
Compilation completed successfully <<<<<< sum_of_vector
Core 0: Code Executed, writing data FILE sov_data.byte
Compiling test3.txt...
Pass 1: scanning labels and instruction positions...
  Label found: .loop -> instruction 8
  Label found: .exit -> instruction 28
Labels found (2):
  .loop -> instruction 8
  .exit -> instruction 28
Pass 2: generating bytecode...
Compiling instruction 0: x1 = 0

  -> 0F 01 00 00
Compiling instruction 1: x2 = [x1]        
  -> 05 02 01 00
Compiling instruction 2: x3 = 4          
  -> 0F 03 04 00
Compiling instruction 3: x4 = 32         
  -> 0F 04 20 00
Compiling instruction 4: x5 = 0          
  -> 0F 05 00 00
Compiling instruction 5: x6 = x2 - 2     
  -> 0A 06 02 02
Compiling instruction 6: Print x2        
Compiling instruction 7: Print x6        
Compiling instruction 8: x7 = x6 - x5

  -> 02 07 06 05
Compiling instruction 9: BEQ .exit

  -> 10 00 00 13
Compiling instruction 10: x8 = [x3]       
  -> 05 08 03 00
Compiling instruction 11: x9 = x3 + 4

  -> 09 09 03 04
Compiling instruction 12: x9 = [x9]       
  -> 05 09 09 00
Compiling instruction 13: x10 = x3 + 8

  -> 09 0A 03 08
Compiling instruction 14: x10 = [x10]     
  -> 05 0A 0A 00
Compiling instruction 15: x11 = x8 * 1     
  -> 0B 0B 08 01
Compiling instruction 16: x12 = x9 * 2     
  -> 0B 0C 09 02
Compiling instruction 17: x13 = x10 * 1    
  -> 0B 0D 0A 01
Compiling instruction 18: x14 = x11 + x12

  -> 01 0E 0B 0C
Compiling instruction 19: x14 = x14 + x13  
  -> 01 0E 0E 0D
Compiling instruction 20: [x4] = x14      
  -> 06 04 0E 00
Compiling instruction 21: Print x5        
Compiling instruction 22: Print x14       
Compiling instruction 23: Print x4        
Compiling instruction 24: x3 = x3 + 4     
  -> 09 03 03 04
Compiling instruction 25: x4 = x4 + 4     
  -> 09 04 04 04
Compiling instruction 26: x5 = x5 + 1

  -> 09 05 05 01
Compiling instruction 27: BAL .loop

  -> 1E 00 00 ED
Compiling instruction 28: Print x5        
  -> 00 00 00 00 (HALT)
Compilation complete. Wrote program.byte
Compilation completed successfully <<<<<< test3
Compiling test3.txt...
Pass 1: scanning labels and instruction positions...
  Label found: .loop -> instruction 8
  Label found: .exit -> instruction 28
Labels found (2):
  .loop -> instruction 8
  .exit -> instruction 28
Pass 2: generating bytecode...
Compiling instruction 0: x1 = 0

  -> 0F 01 00 00
Compiling instruction 1: x2 = [x1]        
  -> 05 02 01 00
Compiling instruction 2: x3 = 4          
  -> 0F 03 04 00
Compiling instruction 3: x4 = 32         
  -> 0F 04 20 00
Compiling instruction 4: x5 = 0          
  -> 0F 05 00 00
Compiling instruction 5: x6 = x2 - 2     
  -> 0A 06 02 02
Compiling instruction 6: Print x2        
Compiling instruction 7: Print x6        
Compiling instruction 8: x7 = x6 - x5

  -> 02 07 06 05
Compiling instruction 9: BEQ .exit

  -> 10 00 00 13
Compiling instruction 10: x8 = [x3]       
  -> 05 08 03 00
Compiling instruction 11: x9 = x3 + 4

  -> 09 09 03 04
Compiling instruction 12: x9 = [x9]       
  -> 05 09 09 00
Compiling instruction 13: x10 = x3 + 8

  -> 09 0A 03 08
Compiling instruction 14: x10 = [x10]     
  -> 05 0A 0A 00
Compiling instruction 15: x11 = x8 * 1     
  -> 0B 0B 08 01
Compiling instruction 16: x12 = x9 * 2     
  -> 0B 0C 09 02
Compiling instruction 17: x13 = x10 * 1    
  -> 0B 0D 0A 01
Compiling instruction 18: x14 = x11 + x12

  -> 01 0E 0B 0C
Compiling instruction 19: x14 = x14 + x13  
  -> 01 0E 0E 0D
Compiling instruction 20: [x4] = x14      
  -> 06 04 0E 00
Compiling instruction 21: Print x5        
Compiling instruction 22: Print x14       
Compiling instruction 23: Print x4        
Compiling instruction 24: x3 = x3 + 4     
  -> 09 03 03 04
Compiling instruction 25: x4 = x4 + 4     
  -> 09 04 04 04
Compiling instruction 26: x5 = x5 + 1

  -> 09 05 05 01
Compiling instruction 27: BAL .loop

  -> 1E 00 00 ED
Compiling instruction 28: Print x5        
  -> 00 00 00 00 (HALT)
Compilation complete. Wrote program.byte
Compilation completed successfully <<<<<< test3
Compiling test2.txt...
Pass 1: scanning labels and instruction positions...
  Label found: .loop -> instruction 7
  Label found: .skip -> instruction 13
  Label found: .exit -> instruction 16
Labels found (3):
  .loop -> instruction 7
  .skip -> instruction 13
  .exit -> instruction 16
Pass 2: generating bytecode...
Compiling instruction 0: x1 = 0          
  -> 0F 01 00 00
Compiling instruction 1: x2 = [x1]       
  -> 05 02 01 00
Compiling instruction 2: x3 = 4          
  -> 0F 03 04 00
Compiling instruction 3: x4 = 0          
  -> 0F 04 00 00
Compiling instruction 4: x5 = 0          
  -> 0F 05 00 00
Compiling instruction 5: Print x2        
Compiling instruction 6: Print x5        
Compiling instruction 7: x6 = x2 - x4

  -> 02 06 02 04
Compiling instruction 8: BEQ .exit

  -> 10 00 00 08
Compiling instruction 9: x7 = [x3]

  -> 05 07 03 00
Compiling instruction 10: x8 = x7 - 0

  -> 0A 08 07 00
Compiling instruction 11: BLT .skip       
  -> 1B 00 00 02
Compiling instruction 12: x5 = x5 + 1     
  -> 09 05 05 01
Compiling instruction 13: x3 = x3 + 4

  -> 09 03 03 04
Compiling instruction 14: x4 = x4 + 1

  -> 09 04 04 01
Compiling instruction 15: BAL .loop

  -> 1E 00 00 F8
Compiling instruction 16: x1 = 16

  -> 0F 01 10 00
Compiling instruction 17: [x1] = x5

  -> 06 01 05 00
Compiling instruction 18: Print x5        
Compiling instruction 19: Print x1        
  -> 00 00 00 00 (HALT)
Compilation complete. Wrote program.byte
Compilation completed successfully <<<<<< test2
Core 0: Code Executed, writing data FILE data3.byte
Compiling sum_of_vector.txt...
Pass 1: scanning labels and instruction positions...
  Label found: .addbatchAB -> instruction 7
  Label found: .exit -> instruction 13
Labels found (2):
  .addbatchAB -> instruction 7
  .exit -> instruction 13
Pass 2: generating bytecode...
Compiling instruction 0: x1 = 0

  -> 0F 01 00 00
Compiling instruction 1: x2 = [x1]       
  -> 05 02 01 00
Compiling instruction 2: x3 = x1 + 4     
  -> 09 03 01 04
Compiling instruction 3: x4 = x2 * 4

  -> 0B 04 02 04
Compiling instruction 4: x4 = x4 + 4     
  -> 09 04 04 04
Compiling instruction 5: x255 = x2 * 8

  -> 0B FF 02 08
Compiling instruction 6: x255 = x255 + 4 
  -> 09 FF FF 04
Compiling instruction 7: v1 = [x3]

  -> 24 01 03 00
Compiling instruction 8: v2 = [x4]

  -> 24 02 04 00
Compiling instruction 9: v3 = v1 + v2

  -> 21 03 01 02
Compiling instruction 10: [x255] = v3

  -> 25 FF 03 00
Compiling instruction 11: x2 = x2 - 8

  -> 0A 02 02 08
Compiling instruction 12: BNE .addbatchAB

  -> 11 00 00 FB
  -> 00 00 00 00 (HALT)
Compilation complete. Wrote program.byte
Compilation completed successfully <<<<<< sum_of_vector
Core 2: Code Executed, writing data FILE data2.byte
Core 0: Code Executed, writing data FILE sov_data.byte
Core 1: Code Executed, writing data FILE data3.byte
Compiling sum_of_vector.txt...
Pass 1: scanning labels and instruction positions...
  Label found: .addbatchAB -> instruction 7
  Label found: .exit -> instruction 13
Labels found (2):
  .addbatchAB -> instruction 7
  .exit -> instruction 13
Pass 2: generating bytecode...
Compiling instruction 0: x1 = 0

  -> 0F 01 00 00
Compiling instruction 1: x2 = [x1]       
  -> 05 02 01 00
Compiling instruction 2: x3 = x1 + 4     
  -> 09 03 01 04
Compiling instruction 3: x4 = x2 * 4

  -> 0B 04 02 04
Compiling instruction 4: x4 = x4 + 4     
  -> 09 04 04 04
Compiling instruction 5: x255 = x2 * 8

  -> 0B FF 02 08
Compiling instruction 6: x255 = x255 + 4 
  -> 09 FF FF 04
Compiling instruction 7: v1 = [x3]

  -> 24 01 03 00
Compiling instruction 8: v2 = [x4]

  -> 24 02 04 00
Compiling instruction 9: v3 = v1 + v2

  -> 21 03 01 02
Compiling instruction 10: [x255] = v3

  -> 25 FF 03 00
Compiling instruction 11: x2 = x2 - 8

  -> 0A 02 02 08
Compiling instruction 12: BNE .addbatchAB

  -> 11 00 00 FB
  -> 00 00 00 00 (HALT)
Compilation complete. Wrote program.byte
Compilation completed successfully <<<<<< sum_of_vector
Core 0: Code Executed, writing data FILE sov_data.byte
Compiling sum_of_vector.txt...
Pass 1: scanning labels and instruction positions...
  Label found: .addbatchAB -> instruction 7
  Label found: .exit -> instruction 13
Labels found (2):
  .addbatchAB -> instruction 7
  .exit -> instruction 13
Pass 2: generating bytecode...
Compiling instruction 0: x1 = 0

  -> 0F 01 00 00
Compiling instruction 1: x2 = [x1]       
  -> 05 02 01 00
Compiling instruction 2: x3 = x1 + 4     
  -> 09 03 01 04
Compiling instruction 3: x4 = x2 * 4

  -> 0B 04 02 04
Compiling instruction 4: x4 = x4 + 4     
  -> 09 04 04 04
Compiling instruction 5: x255 = x2 * 8

  -> 0B FF 02 08
Compiling instruction 6: x255 = x255 + 4 
  -> 09 FF FF 04
Compiling instruction 7: v1 = [x3]

  -> 24 01 03 00
Compiling instruction 8: v2 = [x4]

  -> 24 02 04 00
Compiling instruction 9: v3 = v1 + v2

  -> 21 03 01 02
Compiling instruction 10: [x255] = v3

  -> 25 FF 03 00
Compiling instruction 11: x2 = x2 - 8

  -> 0A 02 02 08
Compiling instruction 12: BNE .addbatchAB

  -> 11 00 00 FB
  -> 00 00 00 00 (HALT)
Compilation complete. Wrote program.byte
Compilation completed successfully <<<<<< sum_of_vector
Core 0: Code Executed, writing data FILE sov_data.byte
Compiling sum_of_vector.txt...
Pass 1: scanning labels and instruction positions...
  Label found: .addbatchAB -> instruction 7
  Label found: .exit -> instruction 13
Labels found (2):
  .addbatchAB -> instruction 7
  .exit -> instruction 13
Pass 2: generating bytecode...
Compiling instruction 0: x1 = 0

  -> 0F 01 00 00
Compiling instruction 1: x2 = [x1]       
  -> 05 02 01 00
Compiling instruction 2: x3 = x1 + 4     
  -> 09 03 01 04
Compiling instruction 3: x4 = x2 * 4

  -> 0B 04 02 04
Compiling instruction 4: x4 = x4 + 4     
  -> 09 04 04 04
Compiling instruction 5: x255 = x2 * 8

  -> 0B FF 02 08
Compiling instruction 6: x255 = x255 + 4 
  -> 09 FF FF 04
Compiling instruction 7: v1 = [x3]

  -> 24 01 03 00
Compiling instruction 8: v2 = [x4]

  -> 24 02 04 00
Compiling instruction 9: v3 = v1 + v2

  -> 21 03 01 02
Compiling instruction 10: [x255] = v3

  -> 25 FF 03 00
Compiling instruction 11: x2 = x2 - 8

  -> 0A 02 02 08
Compiling instruction 12: BNE .addbatchAB

  -> 11 00 00 FB
  -> 00 00 00 00 (HALT)
Compilation complete. Wrote program.byte
Compilation completed successfully <<<<<< sum_of_vector
Core 0: Code Executed, writing data FILE sov_data.byte
Compiling sum_of_vector.txt...
Pass 1: scanning labels and instruction positions...
  Label found: .addbatchAB -> instruction 7
  Label found: .exit -> instruction 13
Labels found (2):
  .addbatchAB -> instruction 7
  .exit -> instruction 13
Pass 2: generating bytecode...
Compiling instruction 0: x1 = 0

  -> 0F 01 00 00
Compiling instruction 1: x2 = [x1]       
  -> 05 02 01 00
Compiling instruction 2: x3 = x1 + 4     
  -> 09 03 01 04
Compiling instruction 3: x4 = x2 * 4

  -> 0B 04 02 04
Compiling instruction 4: x4 = x4 + 4     
  -> 09 04 04 04
Compiling instruction 5: x255 = x2 * 8

  -> 0B FF 02 08
Compiling instruction 6: x255 = x255 + 4 
  -> 09 FF FF 04
Compiling instruction 7: v1 = [x3]

  -> 24 01 03 00
Compiling instruction 8: v2 = [x4]

  -> 24 02 04 00
Compiling instruction 9: v3 = v1 + v2

  -> 21 03 01 02
Compiling instruction 10: [x255] = v3

  -> 25 FF 03 00
Compiling instruction 11: x2 = x2 - 8

  -> 0A 02 02 08
Compiling instruction 12: BNE .addbatchAB

  -> 11 00 00 FB
  -> 00 00 00 00 (HALT)
Compilation complete. Wrote program.byte
Compilation completed successfully <<<<<< sum_of_vector
Compiling sum_of_vector.txt...
Pass 1: scanning labels and instruction positions...
  Label found: .addbatchAB -> instruction 7
  Label found: .exit -> instruction 13
Labels found (2):
  .addbatchAB -> instruction 7
  .exit -> instruction 13
Pass 2: generating bytecode...
Compiling instruction 0: x1 = 0

  -> 0F 01 00 00
Compiling instruction 1: x2 = [x1]       
  -> 05 02 01 00
Compiling instruction 2: x3 = x1 + 4     
  -> 09 03 01 04
Compiling instruction 3: x4 = x2 * 4

  -> 0B 04 02 04
Compiling instruction 4: x4 = x4 + 4     
  -> 09 04 04 04
Compiling instruction 5: x255 = x2 * 8

  -> 0B FF 02 08
Compiling instruction 6: x255 = x255 + 4 
  -> 09 FF FF 04
Compiling instruction 7: v1 = [x3]

  -> 24 01 03 00
Compiling instruction 8: v2 = [x4]

  -> 24 02 04 00
Compiling instruction 9: v3 = v1 + v2

  -> 21 03 01 02
Compiling instruction 10: [x255] = v3

  -> 25 FF 03 00
Compiling instruction 11: x2 = x2 - 8

  -> 0A 02 02 08
Compiling instruction 12: BNE .addbatchAB

  -> 11 00 00 FB
  -> 00 00 00 00 (HALT)
Compilation complete. Wrote program.byte
Compilation completed successfully <<<<<< sum_of_vector
Compiling sum_of_vector.txt...
Pass 1: scanning labels and instruction positions...
  Label found: .addbatchAB -> instruction 7
  Label found: .exit -> instruction 13
Labels found (2):
  .addbatchAB -> instruction 7
  .exit -> instruction 13
Pass 2: generating bytecode...
Compiling instruction 0: x1 = 0

  -> 0F 01 00 00
Compiling instruction 1: x2 = [x1]       
  -> 05 02 01 00
Compiling instruction 2: x3 = x1 + 4     
  -> 09 03 01 04
Compiling instruction 3: x4 = x2 * 4

  -> 0B 04 02 04
Compiling instruction 4: x4 = x4 + 4     
  -> 09 04 04 04
Compiling instruction 5: x255 = x2 * 8

  -> 0B FF 02 08
Compiling instruction 6: x255 = x255 + 4 
  -> 09 FF FF 04
Compiling instruction 7: v1 = [x3]

  -> 24 01 03 00
Compiling instruction 8: v2 = [x4]

  -> 24 02 04 00
Compiling instruction 9: v3 = v1 + v2

  -> 21 03 01 02
Compiling instruction 10: [x255] = v3

  -> 25 FF 03 00
Compiling instruction 11: x2 = x2 - 8

  -> 0A 02 02 08
Compiling instruction 12: BNE .addbatchAB

  -> 11 00 00 FB
  -> 00 00 00 00 (HALT)
Compilation complete. Wrote program.byte
Compilation completed successfully <<<<<< sum_of_vector
Core 0: Code Executed, writing data FILE sov_data.byte
Compiling sum_of_vector.txt...
Pass 1: scanning labels and instruction positions...
  Label found: .addbatchAB -> instruction 7
  Label found: .exit -> instruction 13
Labels found (2):
  .addbatchAB -> instruction 7
  .exit -> instruction 13
Pass 2: generating bytecode...
Compiling instruction 0: x1 = 0

  -> 0F 01 00 00
Compiling instruction 1: x2 = [x1]       
  -> 05 02 01 00
Compiling instruction 2: x3 = x1 + 4     
  -> 09 03 01 04
Compiling instruction 3: x4 = x2 * 4

  -> 0B 04 02 04
Compiling instruction 4: x4 = x4 + 4     
  -> 09 04 04 04
Compiling instruction 5: x255 = x2 * 8

  -> 0B FF 02 08
Compiling instruction 6: x255 = x255 + 4 
  -> 09 FF FF 04
Compiling instruction 7: v1 = [x3]

  -> 24 01 03 00
Compiling instruction 8: v2 = [x4]

  -> 24 02 04 00
Compiling instruction 9: v3 = v1 + v2

  -> 21 03 01 02
Compiling instruction 10: [x255] = v3

  -> 25 FF 03 00
Compiling instruction 11: x2 = x2 - 8

  -> 0A 02 02 08
Compiling instruction 12: BNE .addbatchAB

  -> 11 00 00 FB
  -> 00 00 00 00 (HALT)
Compilation complete. Wrote program.byte
Compilation completed successfully <<<<<< sum_of_vector
Core 1: Code Executed, writing data FILE sov_data.byte
Compiling sum_of_vector.txt...
Pass 1: scanning labels and instruction positions...
  Label found: .addbatchAB -> instruction 7
  Label found: .exit -> instruction 13
Labels found (2):
  .addbatchAB -> instruction 7
  .exit -> instruction 13
Pass 2: generating bytecode...
Compiling instruction 0: x1 = 0

  -> 0F 01 00 00
Compiling instruction 1: x2 = [x1]       
  -> 05 02 01 00
Compiling instruction 2: x3 = x1 + 4     
  -> 09 03 01 04
Compiling instruction 3: x4 = x2 * 4

  -> 0B 04 02 04
Compiling instruction 4: x4 = x4 + 4     
  -> 09 04 04 04
Compiling instruction 5: x255 = x2 * 8

  -> 0B FF 02 08
Compiling instruction 6: x255 = x255 + 4 
  -> 09 FF FF 04
Compiling instruction 7: v1 = [x3]

  -> 24 01 03 00
Compiling instruction 8: v2 = [x4]

  -> 24 02 04 00
Compiling instruction 9: v3 = v1 + v2

  -> 21 03 01 02
Compiling instruction 10: [x255] = v3

  -> 25 FF 03 00
Compiling instruction 11: x2 = x2 - 8

  -> 0A 02 02 08
Compiling instruction 12: BNE .addbatchAB

  -> 11 00 00 FB
  -> 00 00 00 00 (HALT)
Compilation complete. Wrote program.byte
Compilation completed successfully <<<<<< sum_of_vector
Core 2: Code Executed, writing data FILE sov_data.byte
Compiling sum_of_vector.txt...
Pass 1: scanning labels and instruction positions...
  Label found: .addbatchAB -> instruction 7
  Label found: .exit -> instruction 13
Labels found (2):
  .addbatchAB -> instruction 7
  .exit -> instruction 13
Pass 2: generating bytecode...
Compiling instruction 0: x1 = 0

  -> 0F 01 00 00
Compiling instruction 1: x2 = [x1]       
  -> 05 02 01 00
Compiling instruction 2: x3 = x1 + 4     
  -> 09 03 01 04
Compiling instruction 3: x4 = x2 * 4

  -> 0B 04 02 04
Compiling instruction 4: x4 = x4 + 4     
  -> 09 04 04 04
Compiling instruction 5: x255 = x2 * 8

  -> 0B FF 02 08
Compiling instruction 6: x255 = x255 + 4 
  -> 09 FF FF 04
Compiling instruction 7: v1 = [x3]

  -> 24 01 03 00
Compiling instruction 8: v2 = [x4]

  -> 24 02 04 00
Compiling instruction 9: v3 = v1 + v2

  -> 21 03 01 02
Compiling instruction 10: [x255] = v3

  -> 25 FF 03 00
Compiling instruction 11: x2 = x2 - 8

  -> 0A 02 02 08
Compiling instruction 12: BNE .addbatchAB

  -> 11 00 00 FB
  -> 00 00 00 00 (HALT)
Compilation complete. Wrote program.byte
Compilation completed successfully <<<<<< sum_of_vector
Compiling sum_of_vector.txt...
Pass 1: scanning labels and instruction positions...
  Label found: .addbatchAB -> instruction 7
  Label found: .exit -> instruction 13
Labels found (2):
  .addbatchAB -> instruction 7
  .exit -> instruction 13
Pass 2: generating bytecode...
Compiling instruction 0: x1 = 0

  -> 0F 01 00 00
Compiling instruction 1: x2 = [x1]       
  -> 05 02 01 00
Compiling instruction 2: x3 = x1 + 4     
  -> 09 03 01 04
Compiling instruction 3: x4 = x2 * 4

  -> 0B 04 02 04
Compiling instruction 4: x4 = x4 + 4     
  -> 09 04 04 04
Compiling instruction 5: x255 = x2 * 8

  -> 0B FF 02 08
Compiling instruction 6: x255 = x255 + 4 
  -> 09 FF FF 04
Compiling instruction 7: v1 = [x3]

  -> 24 01 03 00
Compiling instruction 8: v2 = [x4]

  -> 24 02 04 00
Compiling instruction 9: v3 = v1 + v2

  -> 21 03 01 02
Compiling instruction 10: [x255] = v3

  -> 25 FF 03 00
Compiling instruction 11: x2 = x2 - 8

  -> 0A 02 02 08
Compiling instruction 12: BNE .addbatchAB

  -> 11 00 00 FB
  -> 00 00 00 00 (HALT)
Compilation complete. Wrote program.byte
Compilation completed successfully <<<<<< sum_of_vector
Compiling sum_of_vector.txt...
Pass 1: scanning labels and instruction positions...
  Label found: .addbatchAB -> instruction 7
  Label found: .exit -> instruction 13
Labels found (2):
  .addbatchAB -> instruction 7
  .exit -> instruction 13
Pass 2: generating bytecode...
Compiling instruction 0: x1 = 0

  -> 0F 01 00 00
Compiling instruction 1: x2 = [x1]       
  -> 05 02 01 00
Compiling instruction 2: x3 = x1 + 4     
  -> 09 03 01 04
Compiling instruction 3: x4 = x2 * 4

  -> 0B 04 02 04
Compiling instruction 4: x4 = x4 + 4     
  -> 09 04 04 04
Compiling instruction 5: x255 = x2 * 8

  -> 0B FF 02 08
Compiling instruction 6: x255 = x255 + 4 
  -> 09 FF FF 04
Compiling instruction 7: v1 = [x3]

  -> 24 01 03 00
Compiling instruction 8: v2 = [x4]

  -> 24 02 04 00
Compiling instruction 9: v3 = v1 + v2

  -> 21 03 01 02
Compiling instruction 10: [x255] = v3

  -> 25 FF 03 00
Compiling instruction 11: x2 = x2 - 8

  -> 0A 02 02 08
Compiling instruction 12: BNE .addbatchAB

  -> 11 00 00 FB
  -> 00 00 00 00 (HALT)
Compilation complete. Wrote program.byte
Compilation completed successfully <<<<<< sum_of_vector
Process ID 20 placed in wait queue
Core 0: Code Executed, writing data FILE sov_data.byte
Compiling sum_of_vector.txt...
Pass 1: scanning labels and instruction positions...
  Label found: .addbatchAB -> instruction 7
  Label found: .exit -> instruction 13
Labels found (2):
  .addbatchAB -> instruction 7
  .exit -> instruction 13
Pass 2: generating bytecode...
Compiling instruction 0: x1 = 0

  -> 0F 01 00 00
Compiling instruction 1: x2 = [x1]       
  -> 05 02 01 00
Compiling instruction 2: x3 = x1 + 4     
  -> 09 03 01 04
Compiling instruction 3: x4 = x2 * 4

  -> 0B 04 02 04
Compiling instruction 4: x4 = x4 + 4     
  -> 09 04 04 04
Compiling instruction 5: x255 = x2 * 8

  -> 0B FF 02 08
Compiling instruction 6: x255 = x255 + 4 
  -> 09 FF FF 04
Compiling instruction 7: v1 = [x3]

  -> 24 01 03 00
Compiling instruction 8: v2 = [x4]

  -> 24 02 04 00
Compiling instruction 9: v3 = v1 + v2

  -> 21 03 01 02
Compiling instruction 10: [x255] = v3

  -> 25 FF 03 00
Compiling instruction 11: x2 = x2 - 8

  -> 0A 02 02 08
Compiling instruction 12: BNE .addbatchAB

  -> 11 00 00 FB
  -> 00 00 00 00 (HALT)
Compilation complete. Wrote program.byte
Compilation completed successfully <<<<<< sum_of_vector
Compiling sum_of_vector.txt...
Pass 1: scanning labels and instruction positions...
  Label found: .addbatchAB -> instruction 7
  Label found: .exit -> instruction 13
Labels found (2):
  .addbatchAB -> instruction 7
  .exit -> instruction 13
Pass 2: generating bytecode...
Compiling instruction 0: x1 = 0

  -> 0F 01 00 00
Compiling instruction 1: x2 = [x1]       
  -> 05 02 01 00
Compiling instruction 2: x3 = x1 + 4     
  -> 09 03 01 04
Compiling instruction 3: x4 = x2 * 4

  -> 0B 04 02 04
Compiling instruction 4: x4 = x4 + 4     
  -> 09 04 04 04
Compiling instruction 5: x255 = x2 * 8

  -> 0B FF 02 08
Compiling instruction 6: x255 = x255 + 4 
  -> 09 FF FF 04
Compiling instruction 7: v1 = [x3]

  -> 24 01 03 00
Compiling instruction 8: v2 = [x4]

  -> 24 02 04 00
Compiling instruction 9: v3 = v1 + v2

  -> 21 03 01 02
Compiling instruction 10: [x255] = v3

  -> 25 FF 03 00
Compiling instruction 11: x2 = x2 - 8

  -> 0A 02 02 08
Compiling instruction 12: BNE .addbatchAB

  -> 11 00 00 FB
  -> 00 00 00 00 (HALT)
Compilation complete. Wrote program.byte
Compilation completed successfully <<<<<< sum_of_vector
Process ID 22 placed in wait queue
Core 1: Code Executed, writing data FILE sov_data.byte
Compiling sum_of_vector.txt...
Pass 1: scanning labels and instruction positions...
  Label found: .addbatchAB -> instruction 7
  Label found: .exit -> instruction 13
Labels found (2):
  .addbatchAB -> instruction 7
  .exit -> instruction 13
Pass 2: generating bytecode...
Compiling instruction 0: x1 = 0

  -> 0F 01 00 00
Compiling instruction 1: x2 = [x1]       
  -> 05 02 01 00
Compiling instruction 2: x3 = x1 + 4     
  -> 09 03 01 04
Compiling instruction 3: x4 = x2 * 4

  -> 0B 04 02 04
Compiling instruction 4: x4 = x4 + 4     
  -> 09 04 04 04
Compiling instruction 5: x255 = x2 * 8

  -> 0B FF 02 08
Compiling instruction 6: x255 = x255 + 4 
  -> 09 FF FF 04
Compiling instruction 7: v1 = [x3]

  -> 24 01 03 00
Compiling instruction 8: v2 = [x4]

  -> 24 02 04 00
Compiling instruction 9: v3 = v1 + v2

  -> 21 03 01 02
Compiling instruction 10: [x255] = v3

  -> 25 FF 03 00
Compiling instruction 11: x2 = x2 - 8

  -> 0A 02 02 08
Compiling instruction 12: BNE .addbatchAB

  -> 11 00 00 FB
  -> 00 00 00 00 (HALT)
Compilation complete. Wrote program.byte
Compilation completed successfully <<<<<< sum_of_vector
Compiling sum_of_vector.txt...
Pass 1: scanning labels and instruction positions...
  Label found: .addbatchAB -> instruction 7
  Label found: .exit -> instruction 13
Labels found (2):
  .addbatchAB -> instruction 7
  .exit -> instruction 13
Pass 2: generating bytecode...
Compiling instruction 0: x1 = 0

  -> 0F 01 00 00
Compiling instruction 1: x2 = [x1]       
  -> 05 02 01 00
Compiling instruction 2: x3 = x1 + 4     
  -> 09 03 01 04
Compiling instruction 3: x4 = x2 * 4

  -> 0B 04 02 04
Compiling instruction 4: x4 = x4 + 4     
  -> 09 04 04 04
Compiling instruction 5: x255 = x2 * 8

  -> 0B FF 02 08
Compiling instruction 6: x255 = x255 + 4 
  -> 09 FF FF 04
Compiling instruction 7: v1 = [x3]

  -> 24 01 03 00
Compiling instruction 8: v2 = [x4]

  -> 24 02 04 00
Compiling instruction 9: v3 = v1 + v2

  -> 21 03 01 02
Compiling instruction 10: [x255] = v3

  -> 25 FF 03 00
Compiling instruction 11: x2 = x2 - 8

  -> 0A 02 02 08
Compiling instruction 12: BNE .addbatchAB

  -> 11 00 00 FB
  -> 00 00 00 00 (HALT)
Compilation complete. Wrote program.byte
Compilation completed successfully <<<<<< sum_of_vector
Process ID 24 placed in wait queue
Core 2: Code Executed, writing data FILE sov_data.byte
Compiling sum_of_vector.txt...
Pass 1: scanning labels and instruction positions...
  Label found: .addbatchAB -> instruction 7
  Label found: .exit -> instruction 13
Labels found (2):
  .addbatchAB -> instruction 7
  .exit -> instruction 13
Pass 2: generating bytecode...
Compiling instruction 0: x1 = 0

  -> 0F 01 00 00
Compiling instruction 1: x2 = [x1]       
  -> 05 02 01 00
Compiling instruction 2: x3 = x1 + 4     
  -> 09 03 01 04
Compiling instruction 3: x4 = x2 * 4

  -> 0B 04 02 04
Compiling instruction 4: x4 = x4 + 4     
  -> 09 04 04 04
Compiling instruction 5: x255 = x2 * 8

  -> 0B FF 02 08
Compiling instruction 6: x255 = x255 + 4 
  -> 09 FF FF 04
Compiling instruction 7: v1 = [x3]

  -> 24 01 03 00
Compiling instruction 8: v2 = [x4]

  -> 24 02 04 00
Compiling instruction 9: v3 = v1 + v2

  -> 21 03 01 02
Compiling instruction 10: [x255] = v3

  -> 25 FF 03 00
Compiling instruction 11: x2 = x2 - 8

  -> 0A 02 02 08
Compiling instruction 12: BNE .addbatchAB

  -> 11 00 00 FB
  -> 00 00 00 00 (HALT)
Compilation complete. Wrote program.byte
Compilation completed successfully <<<<<< sum_of_vector
Compiling sum_of_vector.txt...
Pass 1: scanning labels and instruction positions...
  Label found: .addbatchAB -> instruction 7
  Label found: .exit -> instruction 13
Labels found (2):
  .addbatchAB -> instruction 7
  .exit -> instruction 13
Pass 2: generating bytecode...
Compiling instruction 0: x1 = 0

  -> 0F 01 00 00
Compiling instruction 1: x2 = [x1]       
  -> 05 02 01 00
Compiling instruction 2: x3 = x1 + 4     
  -> 09 03 01 04
Compiling instruction 3: x4 = x2 * 4

  -> 0B 04 02 04
Compiling instruction 4: x4 = x4 + 4     
  -> 09 04 04 04
Compiling instruction 5: x255 = x2 * 8

  -> 0B FF 02 08
Compiling instruction 6: x255 = x255 + 4 
  -> 09 FF FF 04
Compiling instruction 7: v1 = [x3]

  -> 24 01 03 00
Compiling instruction 8: v2 = [x4]

  -> 24 02 04 00
Compiling instruction 9: v3 = v1 + v2

  -> 21 03 01 02
Compiling instruction 10: [x255] = v3

  -> 25 FF 03 00
Compiling instruction 11: x2 = x2 - 8

  -> 0A 02 02 08
Compiling instruction 12: BNE .addbatchAB

  -> 11 00 00 FB
  -> 00 00 00 00 (HALT)
Compilation complete. Wrote program.byte
Compilation completed successfully <<<<<< sum_of_vector
Process ID 26 placed in wait queue
Core 3: Code Executed, writing data FILE sov_data.byte
Compiling sum_of_vector.txt...
Pass 1: scanning labels and instruction positions...
  Label found: .addbatchAB -> instruction 7
  Label found: .exit -> instruction 13
Labels found (2):
  .addbatchAB -> instruction 7
  .exit -> instruction 13
Pass 2: generating bytecode...
Compiling instruction 0: x1 = 0

  -> 0F 01 00 00
Compiling instruction 1: x2 = [x1]       
  -> 05 02 01 00
Compiling instruction 2: x3 = x1 + 4     
  -> 09 03 01 04
Compiling instruction 3: x4 = x2 * 4

  -> 0B 04 02 04
Compiling instruction 4: x4 = x4 + 4     
  -> 09 04 04 04
Compiling instruction 5: x255 = x2 * 8

  -> 0B FF 02 08
Compiling instruction 6: x255 = x255 + 4 
  -> 09 FF FF 04
Compiling instruction 7: v1 = [x3]

  -> 24 01 03 00
Compiling instruction 8: v2 = [x4]

  -> 24 02 04 00
Compiling instruction 9: v3 = v1 + v2

  -> 21 03 01 02
Compiling instruction 10: [x255] = v3

  -> 25 FF 03 00
Compiling instruction 11: x2 = x2 - 8

  -> 0A 02 02 08
Compiling instruction 12: BNE .addbatchAB

  -> 11 00 00 FB
  -> 00 00 00 00 (HALT)
Compilation complete. Wrote program.byte
Compilation completed successfully <<<<<< sum_of_vector
Compiling sum_of_vector.txt...
Pass 1: scanning labels and instruction positions...
  Label found: .addbatchAB -> instruction 7
  Label found: .exit -> instruction 13
Labels found (2):
  .addbatchAB -> instruction 7
  .exit -> instruction 13
Pass 2: generating bytecode...
Compiling instruction 0: x1 = 0

  -> 0F 01 00 00
Compiling instruction 1: x2 = [x1]       
  -> 05 02 01 00
Compiling instruction 2: x3 = x1 + 4     
  -> 09 03 01 04
Compiling instruction 3: x4 = x2 * 4

  -> 0B 04 02 04
Compiling instruction 4: x4 = x4 + 4     
  -> 09 04 04 04
Compiling instruction 5: x255 = x2 * 8

  -> 0B FF 02 08
Compiling instruction 6: x255 = x255 + 4 
  -> 09 FF FF 04
Compiling instruction 7: v1 = [x3]

  -> 24 01 03 00
Compiling instruction 8: v2 = [x4]

  -> 24 02 04 00
Compiling instruction 9: v3 = v1 + v2

  -> 21 03 01 02
Compiling instruction 10: [x255] = v3

  -> 25 FF 03 00
Compiling instruction 11: x2 = x2 - 8

  -> 0A 02 02 08
Compiling instruction 12: BNE .addbatchAB

  -> 11 00 00 FB
  -> 00 00 00 00 (HALT)
Compilation complete. Wrote program.byte
Compilation completed successfully <<<<<< sum_of_vector
Process ID 28 placed in wait queue
Core 0: Code Executed, writing data FILE sov_data.byte
Compiling sum_of_vector.txt...
Pass 1: scanning labels and instruction positions...
  Label found: .addbatchAB -> instruction 7
  Label found: .exit -> instruction 13
Labels found (2):
  .addbatchAB -> instruction 7
  .exit -> instruction 13
Pass 2: generating bytecode...
Compiling instruction 0: x1 = 0

  -> 0F 01 00 00
Compiling instruction 1: x2 = [x1]       
  -> 05 02 01 00
Compiling instruction 2: x3 = x1 + 4     
  -> 09 03 01 04
Compiling instruction 3: x4 = x2 * 4

  -> 0B 04 02 04
Compiling instruction 4: x4 = x4 + 4     
  -> 09 04 04 04
Compiling instruction 5: x255 = x2 * 8

  -> 0B FF 02 08
Compiling instruction 6: x255 = x255 + 4 
  -> 09 FF FF 04
Compiling instruction 7: v1 = [x3]

  -> 24 01 03 00
Compiling instruction 8: v2 = [x4]

  -> 24 02 04 00
Compiling instruction 9: v3 = v1 + v2

  -> 21 03 01 02
Compiling instruction 10: [x255] = v3

  -> 25 FF 03 00
Compiling instruction 11: x2 = x2 - 8

  -> 0A 02 02 08
Compiling instruction 12: BNE .addbatchAB

  -> 11 00 00 FB
  -> 00 00 00 00 (HALT)
Compilation complete. Wrote program.byte
Compilation completed successfully <<<<<< sum_of_vector
Core 1: Code Executed, writing data FILE sov_data.byte
Core 2: Code Executed, writing data FILE sov_data.byte
Core 3: Code Executed, writing data FILE sov_data.byte
Core 0: Code Executed, writing data FILE sov_data.byte
Invalid Command format. Use: <program.txt> <data.byte>
